// Jest Snapshot v1, https://goo.gl/fbAQLP

exports[`renders the card list with the right cards 1`] = `
Array [
  <Card
    email="limace@gmail.com"
    id={1}
    key="0"
    name="terry"
  />,
  <Card
    email="limac@gmail.com"
    id={2}
    key="1"
    name="terr"
  />,
  <Card
    email="lima@gmail.com"
    id={3}
    key="2"
    name="ter"
  />,
]
`;
